I'm sorry, but errors were detected in your script. Please correct the
errors listed below, and try again.


File "game/script.rpy", line 273: expected ':' not found.
    label guilty_ending
                       ^

File "game/script.rpy", line 281: expected ':' not found.
    label innocent_ending
                         ^

Ren'Py Version: Ren'Py 8.2.1.24030407
Tue Mar 19 00:19:54 2024
